[www.masuinfotech.com/index.html]
[backblue.gif]
[fade.gif]
[index.html]
[www.masuinfotech.com/admin/assets/images/logo/1691987668masu-logo.png]
[www.masuinfotech.com/about.html]
[www.masuinfotech.com/category/surveillance.html]
[www.masuinfotech.com/services/cctv-camera-installation.html]
[www.masuinfotech.com/services/gps-for-vehicles.html]
[www.masuinfotech.com/services/biometric-fingerprint-reader.html]
[www.masuinfotech.com/services/epabx.html]
[www.masuinfotech.com/services/electronic-locks.html]
[www.masuinfotech.com/services/video-door-phone.html]
[www.masuinfotech.com/services/local-network.html]
[www.masuinfotech.com/services/fire-alarm-systems.html]
[www.masuinfotech.com/services/fire-extinguisher.html]
[www.masuinfotech.com/projects.html]
[www.masuinfotech.com/contact.html]
[www.masuinfotech.com/images/request-quote.png]
[www.masuinfotech.com/admin/assets/images/1691668253banner1-min.png]
[www.masuinfotech.com/admin/assets/images/1723120298best-security-camera-systems60631995c7962.jpg]
[www.masuinfotech.com/admin/assets/images/1723120342oob-automation-Security-and-Surveillance.jpg]
[www.masuinfotech.com/admin/assets/images/17231194921691661392cctv-install.png]
[www.masuinfotech.com/images/icons/counter-1.png]
[www.masuinfotech.com/images/icons/counter-2.png]
[www.masuinfotech.com/images/icons/counter-3.png]
[www.masuinfotech.com/admin/assets/images/1691661392cctv-install.png]
[www.masuinfotech.com/admin/assets/images/1728286221GSP.jpg]
[www.masuinfotech.com/admin/assets/images/1691576138time-and-attendance-biometric-fingerprint-scanner-fo-office-use-788.jpg]
[www.masuinfotech.com/admin/assets/images/1691749610SL2100-1.jpg]
[www.masuinfotech.com/admin/assets/images/1691750222kwikset.jpg]
[www.masuinfotech.com/admin/assets/images/1691749938video-door.jpg]
[www.masuinfotech.com/admin/assets/images/1723178100local-area-network-vector.jpg]
[www.masuinfotech.com/admin/assets/images/1691577682fire-alarm-system.jpg]
[www.masuinfotech.com/images/background/3.jpg]
[www.masuinfotech.com/admin/assets/images/1738236100WhatsApp Image 2025-01-30 at 16.50.45_65b27880.jpg]
[www.masuinfotech.com/admin/assets/images/1738235810WhatsApp Image 2025-01-30 at 16.38.19_6006331a.jpg]
[www.masuinfotech.com/admin/assets/images/1737782214LOVESH SINGHAL FACORY_CP IP Cam_main_20250125104243_@3.jpg]
[www.masuinfotech.com/images/background/5.jpg]
[www.masuinfotech.com/index-2.html]
[www.masuinfotech.com/services.html]
[www.masuinfotech.com/images/whatsapp-icon.png]
[www.masuinfotech.com/images/call-icon.png]
[www.masuinfotech.com/js/jquery.js]
[www.masuinfotech.com/plugins/revolution/js/jquery.themepunch.revolution.min.js]
[www.masuinfotech.com/plugins/revolution/js/jquery.themepunch.tools.min.js]
[www.masuinfotech.com/plugins/revolution/js/extensions/revolution.extension.actions.min.js]
[www.masuinfotech.com/plugins/revolution/js/extensions/revolution.extension.carousel.min.js]
[www.masuinfotech.com/plugins/revolution/js/extensions/revolution.extension.kenburn.min.js]
[www.masuinfotech.com/plugins/revolution/js/extensions/revolution.extension.layeranimation.min.js]
[www.masuinfotech.com/plugins/revolution/js/extensions/revolution.extension.migration.min.js]
[www.masuinfotech.com/plugins/revolution/js/extensions/revolution.extension.navigation.min.js]
[www.masuinfotech.com/plugins/revolution/js/extensions/revolution.extension.parallax.min.js]
[www.masuinfotech.com/plugins/revolution/js/extensions/revolution.extension.slideanims.min.js]
[www.masuinfotech.com/plugins/revolution/js/extensions/revolution.extension.video.min.js]
[www.masuinfotech.com/js/main-slider-script.js]
[www.masuinfotech.com/js/popper.min.js]
[www.masuinfotech.com/js/bootstrap.min.js]
[www.masuinfotech.com/js/jquery.mCustomScrollbar.concat.min.js]
[www.masuinfotech.com/js/jquery.fancybox.js]
[www.masuinfotech.com/js/appear.js]
[www.masuinfotech.com/js/nav-tool.js]
[www.masuinfotech.com/js/mixitup.js]
[www.masuinfotech.com/js/owl.js]
[www.masuinfotech.com/js/wow.js]
[www.masuinfotech.com/js/tilt.jquery.min.js]
[www.masuinfotech.com/js/jquery-ui.js]
[www.masuinfotech.com/js/script.js]
[www.masuinfotech.com/js/color-settings.js]
[www.masuinfotech.com/index.html]
[www.masuinfotech.com/css/bootstrap.css]
[www.masuinfotech.com/plugins/revolution/fonts/revicons/revicons90c690c6.eot]
[www.masuinfotech.com/plugins/revolution/fonts/revicons/revicons90c690c6.woff]
[www.masuinfotech.com/plugins/revolution/fonts/revicons/revicons90c690c6.ttf]
[www.masuinfotech.com/plugins/revolution/css/openhand.html]
[www.masuinfotech.com/plugins/revolution/css/closedhand.html]
[www.masuinfotech.com/plugins/revolution/assets/gridtile.png]
[www.masuinfotech.com/plugins/revolution/assets/gridtile_white.png]
[www.masuinfotech.com/plugins/revolution/assets/gridtile_3x3.png]
[www.masuinfotech.com/plugins/revolution/assets/gridtile_3x3_white.png]
[www.masuinfotech.com/plugins/revolution/assets/coloredbg.png]
[www.masuinfotech.com/plugins/revolution/assets/loader.gif]
[www.masuinfotech.com/plugins/revolution/css/settings.css]
[www.masuinfotech.com/plugins/revolution/css/layers.css]
[www.masuinfotech.com/plugins/revolution/css/navigation.css]
[www.masuinfotech.com/images/background/pattern-1.png]
[www.masuinfotech.com/images/icons/steps-arrow.png]
[www.masuinfotech.com/images/icons/icon-select.png]
[www.masuinfotech.com/css/style.css]
[www.masuinfotech.com/css/responsive.css]
[www.masuinfotech.com/https_/fonts.googleapis.com/css272b7.html]
[www.masuinfotech.com/images/favicon.html]
[www.masuinfotech.com/about.html]
[www.masuinfotech.com/admin/assets/images/1691577901abc-type-fire-extinguisher.jpg]
[www.masuinfotech.com/category/images/background/5.html]
[www.masuinfotech.com/category/surveillance.html]
[www.masuinfotech.com/sub_services/residential-cctv-installation.html]
[www.masuinfotech.com/sub_services/commercial-cctv.html]
[www.masuinfotech.com/sub_services/industrial-cctv.html]
[www.masuinfotech.com/sub_services/cctv-camera-amc.html]
[www.masuinfotech.com/services/images/background/5.html]
[www.masuinfotech.com/services/cctv-camera-installation.html]
[www.masuinfotech.com/sub_services/gps-for-bike.html]
[www.masuinfotech.com/sub_services/gps-for-car--moter-vehicle.html]
[www.masuinfotech.com/services/gps-for-vehicles.html]
[www.masuinfotech.com/sub_services/single-factor-authentication.html]
[www.masuinfotech.com/sub_services/multi-factor-authentication.html]
[www.masuinfotech.com/services/biometric-fingerprint-reader.html]
[www.masuinfotech.com/sub_services/seamless-integration.html]
[www.masuinfotech.com/sub_services/hybrid-solutions.html]
[www.masuinfotech.com/sub_services/cost-efficiency.html]
[www.masuinfotech.com/services/epabx.html]
[www.masuinfotech.com/sub_services/keypad-electronic-locks.html]
[www.masuinfotech.com/sub_services/biometric-electronic-locks.html]
[www.masuinfotech.com/sub_services/bluetooth-electronic-locks.html]
[www.masuinfotech.com/sub_services/magnetic-stripe-electronic-locks.html]
[www.masuinfotech.com/services/electronic-locks.html]
[www.masuinfotech.com/sub_services/wired-video-door-phones.html]
[www.masuinfotech.com/sub_services/wireless-video-door-phones.html]
[www.masuinfotech.com/sub_services/touchscreen-video-door-phones.html]
[www.masuinfotech.com/services/video-door-phone.html]
[www.masuinfotech.com/sub_services/ethernet-networks.html]
[www.masuinfotech.com/sub_services/wireless-networks.html]
[www.masuinfotech.com/sub_services/wlan-wireless-local-area-network.html]
[www.masuinfotech.com/services/local-network.html]
[www.masuinfotech.com/sub_services/conventional-fire-alarm-systems.html]
[www.masuinfotech.com/sub_services/customized-safety-solutions.html]
[www.masuinfotech.com/sub_services/enhanced-vigilance-reduced-complexity.html]
[www.masuinfotech.com/services/fire-alarm-systems.html]
[www.masuinfotech.com/services/fire-extinguisher.html]
[www.masuinfotech.com/project/cctv-camera-installation.html]
[www.masuinfotech.com/project/gps-for-vehicles.html]
[www.masuinfotech.com/project/biometric-fingerprint-reader.html]
[www.masuinfotech.com/project/epabx.html]
[www.masuinfotech.com/project/electronic-locks.html]
[www.masuinfotech.com/project/video-door-phone.html]
[www.masuinfotech.com/project/local-network.html]
[www.masuinfotech.com/project/fire-alarm-systems.html]
[www.masuinfotech.com/project/fire-extinguisher.html]
[www.masuinfotech.com/projects.html]
[www.masuinfotech.com/images/icons/contact-1.png]
[www.masuinfotech.com/images/icons/contact-2.png]
[www.masuinfotech.com/images/icons/contact-3.png]
[www.masuinfotech.com/images/icons/contact-4.png]
[www.masuinfotech.com/images/background/7.jpg]
[www.masuinfotech.com/images/background/pattern-5.png]
[www.masuinfotech.com/contact.html]
[www.masuinfotech.com/index-2.html]
[www.masuinfotech.com/admin/assets/images/1691565753cctv.jpg]
[www.masuinfotech.com/services.html]
[www.masuinfotech.com/plugins/revolution/fonts/revicons/revicons90c690c6.svg]
[www.masuinfotech.com/plugins/revolution/css/openhand.html]
[www.masuinfotech.com/plugins/revolution/css/closedhand.html]
[www.masuinfotech.com/fonts/fontawesome-webfonte0a5e0a5.eot]
[www.masuinfotech.com/fonts/fontawesome-webfontd41dd41d.eot]
[www.masuinfotech.com/fonts/fontawesome-webfonte0a5e0a5.woff2]
[www.masuinfotech.com/fonts/fontawesome-webfonte0a5e0a5.woff]
[www.masuinfotech.com/fonts/fontawesome-webfonte0a5e0a5.ttf]
[www.masuinfotech.com/css/font-awesome.css]
[www.masuinfotech.com/fonts/flaticon.eot]
[www.masuinfotech.com/fonts/flaticond41dd41d.eot]
[www.masuinfotech.com/fonts/flaticon.woff]
[www.masuinfotech.com/fonts/flaticon.ttf]
[www.masuinfotech.com/css/flaticon.css]
[www.masuinfotech.com/css/animate.css]
[www.masuinfotech.com/css/owl.video.play.html]
[www.masuinfotech.com/images/cross-out.png]
[www.masuinfotech.com/css/owl.css]
[www.masuinfotech.com/css/images/ui-icons_444444_256x240.png]
[www.masuinfotech.com/css/images/ui-icons_777620_256x240.html]
[www.masuinfotech.com/css/images/ui-icons_cc0000_256x240.html]
[www.masuinfotech.com/css/images/ui-icons_777777_256x240.html]
[www.masuinfotech.com/css/jquery-ui.css]
[www.masuinfotech.com/css/custom-animate.css]
[www.masuinfotech.com/css/jquery.fancybox.min.css]
[www.masuinfotech.com/css/jquery.bootstrap-touchspin.css]
[www.masuinfotech.com/css/mCSB_buttons.html]
[www.masuinfotech.com/css/jquery.mCustomScrollbar.min.css]
[www.masuinfotech.com/images/icons/preloader.svg]
[www.masuinfotech.com/category/images/background/images/background/5.html]
[www.masuinfotech.com/category/images/background/5.html]
[www.masuinfotech.com/admin/assets/images/1692612493resident.webp]
[www.masuinfotech.com/sub_services/images/background/5.html]
[www.masuinfotech.com/sub_services/residential-cctv-installation.html]
[www.masuinfotech.com/admin/assets/images/1692612923shutterstock_792860815-scaled-e1605106274212.jpg]
[www.masuinfotech.com/sub_services/commercial-cctv.html]
[www.masuinfotech.com/admin/assets/images/1692613142OmniVision_Applications_Security_Use-Cases_CommercialIndustrialSecurityCameras_1.jpg]
[www.masuinfotech.com/sub_services/industrial-cctv.html]
[www.masuinfotech.com/admin/assets/images/16926172471691749205amc-camera.png]
[www.masuinfotech.com/sub_services/cctv-camera-amc.html]
[www.masuinfotech.com/services/images/background/images/background/5.html]
[www.masuinfotech.com/services/images/background/5.html]
[www.masuinfotech.com/admin/assets/images/1728295082bike.jpg]
[www.masuinfotech.com/sub_services/gps-for-bike.html]
[www.masuinfotech.com/admin/assets/images/1728295274car.jpg]
[www.masuinfotech.com/sub_services/gps-for-car--moter-vehicle.html]
[www.masuinfotech.com/admin/assets/images/1692615366touch-screen-biometric-attendance-and-door-access-control-system-500x500.webp]
[www.masuinfotech.com/sub_services/single-factor-authentication.html]
[www.masuinfotech.com/admin/assets/images/1692615476mfa-biometrics.jpg]
[www.masuinfotech.com/sub_services/multi-factor-authentication.html]
[www.masuinfotech.com/admin/assets/images/1692613457epabx-panasonic-hybrid-pbx.jpg]
[www.masuinfotech.com/sub_services/seamless-integration.html]
[www.masuinfotech.com/admin/assets/images/1692614256epabx-500x500.webp]
[www.masuinfotech.com/sub_services/hybrid-solutions.html]
[www.masuinfotech.com/admin/assets/images/16926143171_89LK73B-w15Iif5qGibXyA.jpg]
[www.masuinfotech.com/sub_services/cost-efficiency.html]
[www.masuinfotech.com/admin/assets/images/1692616590615+PtiDLeL.jpg]
[www.masuinfotech.com/sub_services/keypad-electronic-locks.html]
[www.masuinfotech.com/admin/assets/images/16926166650001.jpg]
[www.masuinfotech.com/sub_services/biometric-electronic-locks.html]
[www.masuinfotech.com/admin/assets/images/1692617036s-l1200.webp]
[www.masuinfotech.com/sub_services/bluetooth-electronic-locks.html]
[www.masuinfotech.com/admin/assets/images/1692617123commercial-key-card-door-lock.jpg]
[www.masuinfotech.com/sub_services/magnetic-stripe-electronic-locks.html]
[www.masuinfotech.com/admin/assets/images/169261618461ko634rMaL.jpg]
[www.masuinfotech.com/sub_services/wired-video-door-phones.html]
[www.masuinfotech.com/admin/assets/images/1692616252color-video-door-phone.jpg]
[www.masuinfotech.com/sub_services/wireless-video-door-phones.html]
[www.masuinfotech.com/admin/assets/images/169261634061hJuho9l1L._AC_UF350,350_QL80_.jpg]
[www.masuinfotech.com/sub_services/touchscreen-video-door-phones.html]
[www.masuinfotech.com/admin/assets/images/1692617411network-cable-with-high-tech-technology-color-background-497829044_1256x838.jpg]
[www.masuinfotech.com/sub_services/ethernet-networks.html]
[www.masuinfotech.com/admin/assets/images/1692617464wireless-networking-lan.webp]
[www.masuinfotech.com/sub_services/wireless-networks.html]
[www.masuinfotech.com/admin/assets/images/1692617805WLAN.jpg]
[www.masuinfotech.com/sub_services/wlan-wireless-local-area-network.html]
[www.masuinfotech.com/admin/assets/images/169261478632845-2721555.jpg]
[www.masuinfotech.com/sub_services/conventional-fire-alarm-systems.html]
[www.masuinfotech.com/admin/assets/images/16926149120517_mktplc_siemens.jpg]
[www.masuinfotech.com/sub_services/customized-safety-solutions.html]
[www.masuinfotech.com/admin/assets/images/1692615010tyco-fire-alarm-system-500x500.webp]
[www.masuinfotech.com/sub_services/enhanced-vigilance-reduced-complexity.html]
[www.masuinfotech.com/project/images/background/5.html]
[www.masuinfotech.com/project/cctv-camera-installation.html]
[www.masuinfotech.com/project/gps-for-vehicles.html]
[www.masuinfotech.com/project/biometric-fingerprint-reader.html]
[www.masuinfotech.com/project/epabx.html]
[www.masuinfotech.com/project/electronic-locks.html]
[www.masuinfotech.com/project/video-door-phone.html]
[www.masuinfotech.com/project/local-network.html]
[www.masuinfotech.com/project/fire-alarm-systems.html]
[www.masuinfotech.com/project/fire-extinguisher.html]
[www.masuinfotech.com/fonts/fontawesome-webfonte0a5e0a5.svg]
[www.masuinfotech.com/fonts/flaticon.svg]
[www.masuinfotech.com/css/owl.video.play.html]
[www.masuinfotech.com/css/images/ui-icons_777620_256x240.html]
[www.masuinfotech.com/css/images/ui-icons_cc0000_256x240.html]
[www.masuinfotech.com/css/images/ui-icons_777777_256x240.html]
[www.masuinfotech.com/css/mCSB_buttons.html]
[www.masuinfotech.com/category/images/background/images/background/images/background/5.html]
[www.masuinfotech.com/category/images/background/images/background/5.html]
[www.masuinfotech.com/sub_services/images/background/images/background/5.html]
[www.masuinfotech.com/sub_services/images/background/5.html]
[www.masuinfotech.com/admin/assets/images/index.html]
[www.masuinfotech.com/services/images/background/images/background/images/background/5.html]
[www.masuinfotech.com/services/images/background/images/background/5.html]
[www.masuinfotech.com/project/images/background/images/background/5.html]
[www.masuinfotech.com/project/images/background/5.html]
[www.masuinfotech.com/category/images/background/images/background/images/background/images/background/5.html]
[www.masuinfotech.com/category/images/background/images/background/images/background/5.html]
[www.masuinfotech.com/sub_services/images/background/images/background/images/background/5.html]
[www.masuinfotech.com/sub_services/images/background/images/background/5.html]
[www.masuinfotech.com/services/images/background/images/background/images/background/images/background/5.html]
[www.masuinfotech.com/services/images/background/images/background/images/background/5.html]
[www.masuinfotech.com/project/images/background/images/background/images/background/5.html]
[www.masuinfotech.com/project/images/background/images/background/5.html]
[www.masuinfotech.com/category/images/background/images/background/images/background/images/background/images/background/5.html]
[www.masuinfotech.com/category/images/background/images/background/images/background/images/background/5.html]
[www.masuinfotech.com/sub_services/images/background/images/background/images/background/images/background/5.html]
[www.masuinfotech.com/sub_services/images/background/images/background/images/background/5.html]
[www.masuinfotech.com/services/images/background/images/background/images/background/images/background/images/background/5.html]
[www.masuinfotech.com/services/images/background/images/background/images/background/images/background/5.html]
[www.masuinfotech.com/project/images/background/images/background/images/background/images/background/5.html]
[www.masuinfotech.com/project/images/background/images/background/images/background/5.html]
[www.masuinfotech.com/category/images/background/images/background/images/background/images/background/images/background/images/background/5.html]
[www.masuinfotech.com/category/images/background/images/background/images/background/images/background/images/background/5.html]
[www.masuinfotech.com/sub_services/images/background/images/background/images/background/images/background/images/background/5.html]
[www.masuinfotech.com/sub_services/images/background/images/background/images/background/images/background/5.html]
[www.masuinfotech.com/services/images/background/images/background/images/background/images/background/images/background/images/background/5.html]
[www.masuinfotech.com/services/images/background/images/background/images/background/images/background/images/background/5.html]
[www.masuinfotech.com/project/images/background/images/background/images/background/images/background/images/background/5.html]
[www.masuinfotech.com/project/images/background/images/background/images/background/images/background/5.html]
[www.masuinfotech.com/category/images/background/images/background/images/background/images/background/images/background/images/background/images/background/5.html]
[www.masuinfotech.com/category/images/background/images/background/images/background/images/background/images/background/images/background/5.html]
[www.masuinfotech.com/sub_services/images/background/images/background/images/background/images/background/images/background/images/background/5.html]
[www.masuinfotech.com/sub_services/images/background/images/background/images/background/images/background/images/background/5.html]
[www.masuinfotech.com/services/images/background/images/background/images/background/images/background/images/background/images/background/images/background/5.html]
[www.masuinfotech.com/services/images/background/images/background/images/background/images/background/images/background/images/background/5.html]
[www.masuinfotech.com/project/images/background/images/background/images/background/images/background/images/background/images/background/5.html]
[www.masuinfotech.com/project/images/background/images/background/images/background/images/background/images/background/5.html]
[www.masuinfotech.com/category/images/background/images/background/images/background/images/background/images/background/images/background/images/background/images/background/5.html]
[www.masuinfotech.com/category/images/background/images/background/images/background/images/background/images/background/images/background/images/background/5.html]
[www.masuinfotech.com/sub_services/images/background/images/background/images/background/images/background/images/background/images/background/images/background/5.html]
[www.masuinfotech.com/sub_services/images/background/images/background/images/background/images/background/images/background/images/background/5.html]
[www.masuinfotech.com/services/images/background/images/background/images/background/images/background/images/background/images/background/images/background/images/background/5.html]
[www.masuinfotech.com/services/images/background/images/background/images/background/images/background/images/background/images/background/images/background/5.html]
[www.masuinfotech.com/project/images/background/images/background/images/background/images/background/images/background/images/background/images/background/5.html]
[www.masuinfotech.com/project/images/background/images/background/images/background/images/background/images/background/images/background/5.html]
[www.masuinfotech.com/category/images/background/images/background/images/background/images/background/images/background/images/background/images/background/images/background/5.html]
[www.masuinfotech.com/category/images/background/images/background/images/background/images/background/images/background/images/background/images/background/images/background/images//5.d3.delaye]
[www.masuinfotech.com/sub_services/images/background/images/background/images/background/images/background/images/background/images/background/images/background/images/background/5.html]
[www.masuinfotech.com/sub_services/images/background/images/background/images/background/images/background/images/background/images/background/images/background/5.html]
[www.masuinfotech.com/services/images/background/images/background/images/background/images/background/images/background/images/background/images/background/images/background/5.html]
[www.masuinfotech.com/project/images/background/images/background/images/background/images/background/images/background/images/background/images/background/images/background/5.html]
[www.masuinfotech.com/project/images/background/images/background/images/background/images/background/images/background/images/background/images/background/5.html]
[www.masuinfotech.com/category/images/background/images/background/images/background/images/background/images/background/images/background/images/background/images/background/images//5.d3.delaye]
[www.masuinfotech.com/sub_services/images/background/images/background/images/background/images/background/images/background/images/background/images/background/images/background/5.html]
[www.masuinfotech.com/services/images/background/images/background/images/background/images/background/images/background/images/background/images/background/images/background/images//5.d5.delaye]
[www.masuinfotech.com/services/images/background/images/background/images/background/images/background/images/background/images/background/images/background/images/background/images//5.d5.delaye]
[www.masuinfotech.com/project/images/background/images/background/images/background/images/background/images/background/images/background/images/background/images/background/5.html]
[www.masuinfotech.com/category/images/background/images/background/images/background/images/background/images/background/images/background/images/background/images/background/images//5.d7.delaye]
[www.masuinfotech.com/category/images/background/images/background/images/background/images/background/images/background/images/background/images/background/images/background/images//5.d7.delaye]
[www.masuinfotech.com/sub_services/images/background/images/background/images/background/images/background/images/background/images/background/images/background/images/background/ima/5.d8.delaye]
[www.masuinfotech.com/project/images/background/images/background/images/background/images/background/images/background/images/background/images/background/images/background/images/b/5.da.delaye]
[www.masuinfotech.com/sub_services/images/background/images/background/images/background/images/background/images/background/images/background/images/background/images/background/ima/5.d8.delaye]
[www.masuinfotech.com/services/images/background/images/background/images/background/images/background/images/background/images/background/images/background/images/background/images//5.d9.delaye]
[www.masuinfotech.com/services/images/background/images/background/images/background/images/background/images/background/images/background/images/background/images/background/images//5.d9.delaye]
[www.masuinfotech.com/project/images/background/images/background/images/background/images/background/images/background/images/background/images/background/images/background/images/b/5.da.delaye]
[www.masuinfotech.com/category/images/background/images/background/images/background/images/background/images/background/images/background/images/background/images/background/images//5.db.delaye]
[www.masuinfotech.com/category/images/background/images/background/images/background/images/background/images/background/images/background/images/background/images/background/images//5.db.delaye]
[www.masuinfotech.com/sub_services/images/background/images/background/images/background/images/background/images/background/images/background/images/background/images/background/ima/5.dc.delaye]
[www.masuinfotech.com/sub_services/images/background/images/background/images/background/images/background/images/background/images/background/images/background/images/background/ima/5.dc.delaye]
[www.masuinfotech.com/services/images/background/images/background/images/background/images/background/images/background/images/background/images/background/images/background/images//5.dd.delaye]
[www.masuinfotech.com/project/images/background/images/background/images/background/images/background/images/background/images/background/images/background/images/background/images/b/5.de.delaye]
[www.masuinfotech.com/services/images/background/images/background/images/background/images/background/images/background/images/background/images/background/images/background/images//5.dd.delaye]
[www.masuinfotech.com/project/images/background/images/background/images/background/images/background/images/background/images/background/images/background/images/background/images/b/5.de.delaye]
[www.masuinfotech.com/category/images/background/images/background/images/background/images/background/images/background/images/background/images/background/images/background/images//5.df.delaye]
[www.masuinfotech.com/category/images/background/images/background/images/background/images/background/images/background/images/background/images/background/images/background/images//5.df.delaye]
[www.masuinfotech.com/sub_services/images/background/images/background/images/background/images/background/images/background/images/background/images/background/images/background/ima/5.e0.delaye]
[www.masuinfotech.com/sub_services/images/background/images/background/images/background/images/background/images/background/images/background/images/background/images/background/ima/5.e0.delaye]
[www.masuinfotech.com/services/images/background/images/background/images/background/images/background/images/background/images/background/images/background/images/background/images//5.e1.delaye]
[www.masuinfotech.com/services/images/background/images/background/images/background/images/background/images/background/images/background/images/background/images/background/images//5.e1.delaye]
[www.masuinfotech.com/project/images/background/images/background/images/background/images/background/images/background/images/background/images/background/images/background/images/b/5.e2.delaye]
[www.masuinfotech.com/project/images/background/images/background/images/background/images/background/images/background/images/background/images/background/images/background/images/b/5.e2.delaye]
[www.masuinfotech.com/category/images/background/images/background/images/background/images/background/images/background/images/background/images/background/images/background/images//5.e3.delaye]
[www.masuinfotech.com/category/images/background/images/background/images/background/images/background/images/background/images/background/images/background/images/background/images//5.e3.delaye]
[www.masuinfotech.com/sub_services/images/background/images/background/images/background/images/background/images/background/images/background/images/background/images/background/ima/5.e4.delaye]
[www.masuinfotech.com/sub_services/images/background/images/background/images/background/images/background/images/background/images/background/images/background/images/background/ima/5.e4.delaye]
[www.masuinfotech.com/services/images/background/images/background/images/background/images/background/images/background/images/background/images/background/images/background/images//5.e5.delaye]
[www.masuinfotech.com/services/images/background/images/background/images/background/images/background/images/background/images/background/images/background/images/background/images//5.e5.delaye]
[www.masuinfotech.com/project/images/background/images/background/images/background/images/background/images/background/images/background/images/background/images/background/images/b/5.e6.delaye]
[www.masuinfotech.com/project/images/background/images/background/images/background/images/background/images/background/images/background/images/background/images/background/images/b/5.e6.delaye]
[www.masuinfotech.com/category/images/background/images/background/images/background/images/background/images/background/images/background/images/background/images/background/images//5.e7.delaye]
[www.masuinfotech.com/category/images/background/images/background/images/background/images/background/images/background/images/background/images/background/images/background/images//5.e7.delaye]
[www.masuinfotech.com/sub_services/images/background/images/background/images/background/images/background/images/background/images/background/images/background/images/background/ima/5.e8.delaye]
[www.masuinfotech.com/sub_services/images/background/images/background/images/background/images/background/images/background/images/background/images/background/images/background/ima/5.e8.delaye]
[www.masuinfotech.com/services/images/background/images/background/images/background/images/background/images/background/images/background/images/background/images/background/images//5.e9.delaye]
[www.masuinfotech.com/services/images/background/images/background/images/background/images/background/images/background/images/background/images/background/images/background/images//5.e9.delaye]
[www.masuinfotech.com/project/images/background/images/background/images/background/images/background/images/background/images/background/images/background/images/background/images/b/5.ea.delaye]
[www.masuinfotech.com/project/images/background/images/background/images/background/images/background/images/background/images/background/images/background/images/background/images/b/5.ea.delaye]
[www.masuinfotech.com/category/images/background/images/background/images/background/images/background/images/background/images/background/images/background/images/background/images//5.eb.delaye]
[www.masuinfotech.com/category/images/background/images/background/images/background/images/background/images/background/images/background/images/background/images/background/images//5.eb.delaye]
[www.masuinfotech.com/sub_services/images/background/images/background/images/background/images/background/images/background/images/background/images/background/images/background/ima/5.ec.delaye]
[www.masuinfotech.com/sub_services/images/background/images/background/images/background/images/background/images/background/images/background/images/background/images/background/ima/5.ec.delaye]
[www.masuinfotech.com/services/images/background/images/background/images/background/images/background/images/background/images/background/images/background/images/background/images//5.ed.delaye]
[www.masuinfotech.com/project/images/background/images/background/images/background/images/background/images/background/images/background/images/background/images/background/images/b/5.ee.delaye]
[www.masuinfotech.com/services/images/background/images/background/images/background/images/background/images/background/images/background/images/background/images/background/images//5.ed.delaye]
[www.masuinfotech.com/project/images/background/images/background/images/background/images/background/images/background/images/background/images/background/images/background/images/b/5.ee.delaye]
[www.masuinfotech.com/category/images/background/images/background/images/background/images/background/images/background/images/background/images/background/images/background/images//5.ef.delaye]
[www.masuinfotech.com/category/images/background/images/background/images/background/images/background/images/background/images/background/images/background/images/background/images//5.ef.delaye]
[www.masuinfotech.com/sub_services/images/background/images/background/images/background/images/background/images/background/images/background/images/background/images/background/ima/5.f0.delaye]
[www.masuinfotech.com/sub_services/images/background/images/background/images/background/images/background/images/background/images/background/images/background/images/background/ima/5.f0.delaye]
[www.masuinfotech.com/services/images/background/images/background/images/background/images/background/images/background/images/background/images/background/images/background/images//5.f1.delaye]
[www.masuinfotech.com/project/images/background/images/background/images/background/images/background/images/background/images/background/images/background/images/background/images/b/5.f2.delaye]
[www.masuinfotech.com/services/images/background/images/background/images/background/images/background/images/background/images/background/images/background/images/background/images//5.f1.delaye]
[www.masuinfotech.com/project/images/background/images/background/images/background/images/background/images/background/images/background/images/background/images/background/images/b/5.f2.delaye]
[www.masuinfotech.com/category/images/background/images/background/images/background/images/background/images/background/images/background/images/background/images/background/images//5.f3.delaye]
[www.masuinfotech.com/category/images/background/images/background/images/background/images/background/images/background/images/background/images/background/images/background/images//5.f3.delaye]
[www.masuinfotech.com/sub_services/images/background/images/background/images/background/images/background/images/background/images/background/images/background/images/background/ima/5.f4.delaye]
[www.masuinfotech.com/sub_services/images/background/images/background/images/background/images/background/images/background/images/background/images/background/images/background/ima/5.f4.delaye]
[www.masuinfotech.com/services/images/background/images/background/images/background/images/background/images/background/images/background/images/background/images/background/images//5.f5.delaye]
[www.masuinfotech.com/project/images/background/images/background/images/background/images/background/images/background/images/background/images/background/images/background/images/b/5.f6.delaye]
[www.masuinfotech.com/services/images/background/images/background/images/background/images/background/images/background/images/background/images/background/images/background/images//5.f5.delaye]
[www.masuinfotech.com/project/images/background/images/background/images/background/images/background/images/background/images/background/images/background/images/background/images/b/5.f6.delaye]
[www.masuinfotech.com/category/images/background/images/background/images/background/images/background/images/background/images/background/images/background/images/background/images//5.f7.delaye]
[www.masuinfotech.com/category/images/background/images/background/images/background/images/background/images/background/images/background/images/background/images/background/images//5.f7.delaye]
[www.masuinfotech.com/sub_services/images/background/images/background/images/background/images/background/images/background/images/background/images/background/images/background/ima/5.f8.delaye]
[www.masuinfotech.com/sub_services/images/background/images/background/images/background/images/background/images/background/images/background/images/background/images/background/ima/5.f8.delaye]
[www.masuinfotech.com/project/images/background/images/background/images/background/images/background/images/background/images/background/images/background/images/background/images/b/5.fa.delaye]
[www.masuinfotech.com/services/images/background/images/background/images/background/images/background/images/background/images/background/images/background/images/background/images//5.f9.delaye]
[www.masuinfotech.com/services/images/background/images/background/images/background/images/background/images/background/images/background/images/background/images/background/images//5.f9.delaye]
[www.masuinfotech.com/project/images/background/images/background/images/background/images/background/images/background/images/background/images/background/images/background/images/b/5.fa.delaye]
[www.masuinfotech.com/category/images/background/images/background/images/background/images/background/images/background/images/background/images/background/images/background/images//5.fb.delaye]
[www.masuinfotech.com/category/images/background/images/background/images/background/images/background/images/background/images/background/images/background/images/background/images//5.fb.delaye]
[www.masuinfotech.com/sub_services/images/background/images/background/images/background/images/background/images/background/images/background/images/background/images/background/ima/5.fc.delaye]
[www.masuinfotech.com/services/images/background/images/background/images/background/images/background/images/background/images/background/images/background/images/background/images//5.fd.delaye]
[www.masuinfotech.com/project/images/background/images/background/images/background/images/background/images/background/images/background/images/background/images/background/images/b/5.fe.delaye]
[www.masuinfotech.com/sub_services/images/background/images/background/images/background/images/background/images/background/images/background/images/background/images/background/ima/5.fc.delaye]
[www.masuinfotech.com/services/images/background/images/background/images/background/images/background/images/background/images/background/images/background/images/background/images//5.fd.delaye]
[www.masuinfotech.com/project/images/background/images/background/images/background/images/background/images/background/images/background/images/background/images/background/images/b/5.fe.delaye]
[www.masuinfotech.com/category/images/background/images/background/images/background/images/background/images/background/images/background/images/background/images/background/images//5.ff.delaye]
[www.masuinfotech.com/category/images/background/images/background/images/background/images/background/images/background/images/background/images/background/images/background/images//5.ff.delaye]
[www.masuinfotech.com/sub_services/images/background/images/background/images/background/images/background/images/background/images/background/images/background/images/background/im/5.100.delaye]
[www.masuinfotech.com/services/images/background/images/background/images/background/images/background/images/background/images/background/images/background/images/background/images/5.101.delaye]
[www.masuinfotech.com/project/images/background/images/background/images/background/images/background/images/background/images/background/images/background/images/background/images//5.102.delaye]
[www.masuinfotech.com/sub_services/images/background/images/background/images/background/images/background/images/background/images/background/images/background/images/background/im/5.100.delaye]
[www.masuinfotech.com/services/images/background/images/background/images/background/images/background/images/background/images/background/images/background/images/background/images/5.101.delaye]
[www.masuinfotech.com/project/images/background/images/background/images/background/images/background/images/background/images/background/images/background/images/background/images//5.102.delaye]
[www.masuinfotech.com/category/images/background/images/background/images/background/images/background/images/background/images/background/images/background/images/background/images/5.103.delaye]
[www.masuinfotech.com/category/images/background/images/background/images/background/images/background/images/background/images/background/images/background/images/background/images/5.103.delaye]
[www.masuinfotech.com/services/images/background/images/background/images/background/images/background/images/background/images/background/images/background/images/background/images/5.105.delaye]
[www.masuinfotech.com/sub_services/images/background/images/background/images/background/images/background/images/background/images/background/images/background/images/background/im/5.104.delaye]
[www.masuinfotech.com/project/images/background/images/background/images/background/images/background/images/background/images/background/images/background/images/background/images//5.106.delaye]
[www.masuinfotech.com/sub_services/images/background/images/background/images/background/images/background/images/background/images/background/images/background/images/background/im/5.104.delaye]
[www.masuinfotech.com/services/images/background/images/background/images/background/images/background/images/background/images/background/images/background/images/background/images/5.105.delaye]
[www.masuinfotech.com/project/images/background/images/background/images/background/images/background/images/background/images/background/images/background/images/background/images//5.106.delaye]
[www.masuinfotech.com/category/images/background/images/background/images/background/images/background/images/background/images/background/images/background/images/background/images/5.107.delaye]
[www.masuinfotech.com/category/images/background/images/background/images/background/images/background/images/background/images/background/images/background/images/background/images/5.107.delaye]
[www.masuinfotech.com/sub_services/images/background/images/background/images/background/images/background/images/background/images/background/images/background/images/background/im/5.108.delaye]
[www.masuinfotech.com/sub_services/images/background/images/background/images/background/images/background/images/background/images/background/images/background/images/background/im/5.108.delaye]
[www.masuinfotech.com/services/images/background/images/background/images/background/images/background/images/background/images/background/images/background/images/background/images/5.109.delaye]
[www.masuinfotech.com/project/images/background/images/background/images/background/images/background/images/background/images/background/images/background/images/background/images//5.10a.delaye]
[www.masuinfotech.com/services/images/background/images/background/images/background/images/background/images/background/images/background/images/background/images/background/images/5.109.delaye]
[www.masuinfotech.com/project/images/background/images/background/images/background/images/background/images/background/images/background/images/background/images/background/images//5.10a.delaye]
[www.masuinfotech.com/category/images/background/images/background/images/background/images/background/images/background/images/background/images/background/images/background/images/5.10b.delaye]
[www.masuinfotech.com/category/images/background/images/background/images/background/images/background/images/background/images/background/images/background/images/background/images/5.10b.delaye]
[www.masuinfotech.com/sub_services/images/background/images/background/images/background/images/background/images/background/images/background/images/background/images/background/im/5.10c.delaye]
[www.masuinfotech.com/services/images/background/images/background/images/background/images/background/images/background/images/background/images/background/images/background/images/5.10d.delaye]
[www.masuinfotech.com/project/images/background/images/background/images/background/images/background/images/background/images/background/images/background/images/background/images//5.10e.delaye]
[www.masuinfotech.com/sub_services/images/background/images/background/images/background/images/background/images/background/images/background/images/background/images/background/im/5.10c.delaye]
[www.masuinfotech.com/services/images/background/images/background/images/background/images/background/images/background/images/background/images/background/images/background/images/5.10d.delaye]
[www.masuinfotech.com/project/images/background/images/background/images/background/images/background/images/background/images/background/images/background/images/background/images//5.10e.delaye]
[www.masuinfotech.com/sub_services/images/background/images/background/images/background/images/background/images/background/images/background/images/background/images/background/im/5.110.delaye]
[www.masuinfotech.com/services/images/background/images/background/images/background/images/background/images/background/images/background/images/background/images/background/images/5.111.delaye]
[www.masuinfotech.com/category/images/background/images/background/images/background/images/background/images/background/images/background/images/background/images/background/images/5.10f.delaye]
[www.masuinfotech.com/category/images/background/images/background/images/background/images/background/images/background/images/background/images/background/images/background/images/5.10f.delaye]
[www.masuinfotech.com/sub_services/images/background/images/background/images/background/images/background/images/background/images/background/images/background/images/background/im/5.110.delaye]
[www.masuinfotech.com/services/images/background/images/background/images/background/images/background/images/background/images/background/images/background/images/background/images/5.111.delaye]
[www.masuinfotech.com/project/images/background/images/background/images/background/images/background/images/background/images/background/images/background/images/background/images//5.112.delaye]
[www.masuinfotech.com/project/images/background/images/background/images/background/images/background/images/background/images/background/images/background/images/background/images//5.112.delaye]
[www.masuinfotech.com/sub_services/images/background/images/background/images/background/images/background/images/background/images/background/images/background/images/background/im/5.114.delaye]
[www.masuinfotech.com/services/images/background/images/background/images/background/images/background/images/background/images/background/images/background/images/background/images/5.115.delaye]
[www.masuinfotech.com/category/images/background/images/background/images/background/images/background/images/background/images/background/images/background/images/background/images/5.113.delaye]
[www.masuinfotech.com/category/images/background/images/background/images/background/images/background/images/background/images/background/images/background/images/background/images/5.113.delaye]
[www.masuinfotech.com/project/images/background/images/background/images/background/images/background/images/background/images/background/images/background/images/background/images//5.116.delaye]
[www.masuinfotech.com/sub_services/images/background/images/background/images/background/images/background/images/background/images/background/images/background/images/background/im/5.114.delaye]
[www.masuinfotech.com/services/images/background/images/background/images/background/images/background/images/background/images/background/images/background/images/background/images/5.115.delaye]
[www.masuinfotech.com/project/images/background/images/background/images/background/images/background/images/background/images/background/images/background/images/background/images//5.116.delaye]
[www.masuinfotech.com/sub_services/images/background/images/background/images/background/images/background/images/background/images/background/images/background/images/background/im/5.118.delaye]
[www.masuinfotech.com/services/images/background/images/background/images/background/images/background/images/background/images/background/images/background/images/background/images/5.119.delaye]
[www.masuinfotech.com/project/images/background/images/background/images/background/images/background/images/background/images/background/images/background/images/background/images//5.11a.delaye]
[www.masuinfotech.com/category/images/background/images/background/images/background/images/background/images/background/images/background/images/background/images/background/images/5.117.delaye]
[www.masuinfotech.com/category/images/background/images/background/images/background/images/background/images/background/images/background/images/background/images/background/images/5.117.delaye]
[www.masuinfotech.com/sub_services/images/background/images/background/images/background/images/background/images/background/images/background/images/background/images/background/im/5.118.delaye]
[www.masuinfotech.com/services/images/background/images/background/images/background/images/background/images/background/images/background/images/background/images/background/images/5.119.delaye]
[www.masuinfotech.com/project/images/background/images/background/images/background/images/background/images/background/images/background/images/background/images/background/images//5.11a.delaye]
[www.masuinfotech.com/category/images/background/images/background/images/background/images/background/images/background/images/background/images/background/images/background/images/5.11b.delaye]
[www.masuinfotech.com/sub_services/images/background/images/background/images/background/images/background/images/background/images/background/images/background/images/background/im/5.11c.delaye]
[www.masuinfotech.com/category/images/background/images/background/images/background/images/background/images/background/images/background/images/background/images/background/images/5.11b.delaye]
[www.masuinfotech.com/sub_services/images/background/images/background/images/background/images/background/images/background/images/background/images/background/images/background/im/5.11c.delaye]
[www.masuinfotech.com/services/images/background/images/background/images/background/images/background/images/background/images/background/images/background/images/background/images/5.11d.delaye]
[www.masuinfotech.com/services/images/background/images/background/images/background/images/background/images/background/images/background/images/background/images/background/images/5.11d.delaye]
[www.masuinfotech.com/project/images/background/images/background/images/background/images/background/images/background/images/background/images/background/images/background/images//5.11e.delaye]
[www.masuinfotech.com/project/images/background/images/background/images/background/images/background/images/background/images/background/images/background/images/background/images//5.11e.delaye]
[www.masuinfotech.com/category/images/background/images/background/images/background/images/background/images/background/images/background/images/background/images/background/images/5.11f.delaye]
[www.masuinfotech.com/sub_services/images/background/images/background/images/background/images/background/images/background/images/background/images/background/images/background/im/5.120.delaye]
[www.masuinfotech.com/services/images/background/images/background/images/background/images/background/images/background/images/background/images/background/images/background/images/5.121.delaye]
[www.masuinfotech.com/category/images/background/images/background/images/background/images/background/images/background/images/background/images/background/images/background/images/5.11f.delaye]
[www.masuinfotech.com/sub_services/images/background/images/background/images/background/images/background/images/background/images/background/images/background/images/background/im/5.120.delaye]
[www.masuinfotech.com/services/images/background/images/background/images/background/images/background/images/background/images/background/images/background/images/background/images/5.121.delaye]
[www.masuinfotech.com/project/images/background/images/background/images/background/images/background/images/background/images/background/images/background/images/background/images//5.122.delaye]
[www.masuinfotech.com/project/images/background/images/background/images/background/images/background/images/background/images/background/images/background/images/background/images//5.122.delaye]
[www.masuinfotech.com/category/images/background/images/background/images/background/images/background/images/background/images/background/images/background/images/background/images/5.123.delaye]
[www.masuinfotech.com/category/images/background/images/background/images/background/images/background/images/background/images/background/images/background/images/background/images/5.123.delaye]
[www.masuinfotech.com/services/images/background/images/background/images/background/images/background/images/background/images/background/images/background/images/background/images/5.125.delaye]
[www.masuinfotech.com/project/images/background/images/background/images/background/images/background/images/background/images/background/images/background/images/background/images//5.126.delaye]
[www.masuinfotech.com/sub_services/images/background/images/background/images/background/images/background/images/background/images/background/images/background/images/background/im/5.124.delaye]
[www.masuinfotech.com/sub_services/images/background/images/background/images/background/images/background/images/background/images/background/images/background/images/background/im/5.124.delaye]
[www.masuinfotech.com/services/images/background/images/background/images/background/images/background/images/background/images/background/images/background/images/background/images/5.125.delaye]
[www.masuinfotech.com/project/images/background/images/background/images/background/images/background/images/background/images/background/images/background/images/background/images//5.126.delaye]
[www.masuinfotech.com/category/images/background/images/background/images/background/images/background/images/background/images/background/images/background/images/background/images/5.127.delaye]
[www.masuinfotech.com/category/images/background/images/background/images/background/images/background/images/background/images/background/images/background/images/background/images/5.127.delaye]
[www.masuinfotech.com/sub_services/images/background/images/background/images/background/images/background/images/background/images/background/images/background/images/background/im/5.128.delaye]
[www.masuinfotech.com/services/images/background/images/background/images/background/images/background/images/background/images/background/images/background/images/background/images/5.129.delaye]
[www.masuinfotech.com/project/images/background/images/background/images/background/images/background/images/background/images/background/images/background/images/background/images//5.12a.delaye]
[www.masuinfotech.com/sub_services/images/background/images/background/images/background/images/background/images/background/images/background/images/background/images/background/im/5.128.delaye]
[www.masuinfotech.com/services/images/background/images/background/images/background/images/background/images/background/images/background/images/background/images/background/images/5.129.delaye]
[www.masuinfotech.com/project/images/background/images/background/images/background/images/background/images/background/images/background/images/background/images/background/images//5.12a.delaye]
[www.masuinfotech.com/category/images/background/images/background/images/background/images/background/images/background/images/background/images/background/images/background/images/5.12b.delaye]
[www.masuinfotech.com/category/images/background/images/background/images/background/images/background/images/background/images/background/images/background/images/background/images/5.12b.delaye]
[www.masuinfotech.com/sub_services/images/background/images/background/images/background/images/background/images/background/images/background/images/background/images/background/im/5.12c.delaye]
[www.masuinfotech.com/sub_services/images/background/images/background/images/background/images/background/images/background/images/background/images/background/images/background/im/5.12c.delaye]
[www.masuinfotech.com/services/images/background/images/background/images/background/images/background/images/background/images/background/images/background/images/background/images/5.12d.delaye]
[www.masuinfotech.com/services/images/background/images/background/images/background/images/background/images/background/images/background/images/background/images/background/images/5.12d.delaye]
[www.masuinfotech.com/project/images/background/images/background/images/background/images/background/images/background/images/background/images/background/images/background/images//5.12e.delaye]
[www.masuinfotech.com/category/images/background/images/background/images/background/images/background/images/background/images/background/images/background/images/background/images/5.12f.delaye]
[www.masuinfotech.com/project/images/background/images/background/images/background/images/background/images/background/images/background/images/background/images/background/images//5.12e.delaye]
[www.masuinfotech.com/category/images/background/images/background/images/background/images/background/images/background/images/background/images/background/images/background/images/5.12f.delaye]
[www.masuinfotech.com/sub_services/images/background/images/background/images/background/images/background/images/background/images/background/images/background/images/background/im/5.130.delaye]
[www.masuinfotech.com/sub_services/images/background/images/background/images/background/images/background/images/background/images/background/images/background/images/background/im/5.130.delaye]
[www.masuinfotech.com/services/images/background/images/background/images/background/images/background/images/background/images/background/images/background/images/background/images/5.131.delaye]
[www.masuinfotech.com/services/images/background/images/background/images/background/images/background/images/background/images/background/images/background/images/background/images/5.131.delaye]
[www.masuinfotech.com/project/images/background/images/background/images/background/images/background/images/background/images/background/images/background/images/background/images//5.132.delaye]
[www.masuinfotech.com/category/images/background/images/background/images/background/images/background/images/background/images/background/images/background/images/background/images/5.133.delaye]
[www.masuinfotech.com/project/images/background/images/background/images/background/images/background/images/background/images/background/images/background/images/background/images//5.132.delaye]
[www.masuinfotech.com/category/images/background/images/background/images/background/images/background/images/background/images/background/images/background/images/background/images/5.133.delaye]
[www.masuinfotech.com/sub_services/images/background/images/background/images/background/images/background/images/background/images/background/images/background/images/background/im/5.134.delaye]
[www.masuinfotech.com/sub_services/images/background/images/background/images/background/images/background/images/background/images/background/images/background/images/background/im/5.134.delaye]
[www.masuinfotech.com/services/images/background/images/background/images/background/images/background/images/background/images/background/images/background/images/background/images/5.135.delaye]
[www.masuinfotech.com/services/images/background/images/background/images/background/images/background/images/background/images/background/images/background/images/background/images/5.135.delaye]
[www.masuinfotech.com/project/images/background/images/background/images/background/images/background/images/background/images/background/images/background/images/background/images//5.136.delaye]
[www.masuinfotech.com/category/images/background/images/background/images/background/images/background/images/background/images/background/images/background/images/background/images/5.137.delaye]
[www.masuinfotech.com/project/images/background/images/background/images/background/images/background/images/background/images/background/images/background/images/background/images//5.136.delaye]
[www.masuinfotech.com/category/images/background/images/background/images/background/images/background/images/background/images/background/images/background/images/background/images/5.137.delaye]
[www.masuinfotech.com/sub_services/images/background/images/background/images/background/images/background/images/background/images/background/images/background/images/background/im/5.138.delaye]
[www.masuinfotech.com/sub_services/images/background/images/background/images/background/images/background/images/background/images/background/images/background/images/background/im/5.138.delaye]
[www.masuinfotech.com/services/images/background/images/background/images/background/images/background/images/background/images/background/images/background/images/background/images/5.139.delaye]
[www.masuinfotech.com/services/images/background/images/background/images/background/images/background/images/background/images/background/images/background/images/background/images/5.139.delaye]
[www.masuinfotech.com/project/images/background/images/background/images/background/images/background/images/background/images/background/images/background/images/background/images//5.13a.delaye]
[www.masuinfotech.com/category/images/background/images/background/images/background/images/background/images/background/images/background/images/background/images/background/images/5.13b.delaye]
[www.masuinfotech.com/project/images/background/images/background/images/background/images/background/images/background/images/background/images/background/images/background/images//5.13a.delaye]
[www.masuinfotech.com/category/images/background/images/background/images/background/images/background/images/background/images/background/images/background/images/background/images/5.13b.delaye]
[www.masuinfotech.com/sub_services/images/background/images/background/images/background/images/background/images/background/images/background/images/background/images/background/im/5.13c.delaye]
[www.masuinfotech.com/sub_services/images/background/images/background/images/background/images/background/images/background/images/background/images/background/images/background/im/5.13c.delaye]
[www.masuinfotech.com/services/images/background/images/background/images/background/images/background/images/background/images/background/images/background/images/background/images/5.13d.delaye]
[www.masuinfotech.com/services/images/background/images/background/images/background/images/background/images/background/images/background/images/background/images/background/images/5.13d.delaye]
[www.masuinfotech.com/project/images/background/images/background/images/background/images/background/images/background/images/background/images/background/images/background/images//5.13e.delaye]
[www.masuinfotech.com/category/images/background/images/background/images/background/images/background/images/background/images/background/images/background/images/background/images/5.13f.delaye]
[www.masuinfotech.com/project/images/background/images/background/images/background/images/background/images/background/images/background/images/background/images/background/images//5.13e.delaye]
[www.masuinfotech.com/category/images/background/images/background/images/background/images/background/images/background/images/background/images/background/images/background/images/5.13f.delaye]
[www.masuinfotech.com/sub_services/images/background/images/background/images/background/images/background/images/background/images/background/images/background/images/background/im/5.140.delaye]
[www.masuinfotech.com/sub_services/images/background/images/background/images/background/images/background/images/background/images/background/images/background/images/background/im/5.140.delaye]
[www.masuinfotech.com/services/images/background/images/background/images/background/images/background/images/background/images/background/images/background/images/background/images/5.141.delaye]
[www.masuinfotech.com/services/images/background/images/background/images/background/images/background/images/background/images/background/images/background/images/background/images/5.141.delaye]
[www.masuinfotech.com/project/images/background/images/background/images/background/images/background/images/background/images/background/images/background/images/background/images//5.142.delaye]
[www.masuinfotech.com/category/images/background/images/background/images/background/images/background/images/background/images/background/images/background/images/background/images/5.143.delaye]
[www.masuinfotech.com/project/images/background/images/background/images/background/images/background/images/background/images/background/images/background/images/background/images//5.142.delaye]
[www.masuinfotech.com/category/images/background/images/background/images/background/images/background/images/background/images/background/images/background/images/background/images/5.143.delaye]
[www.masuinfotech.com/sub_services/images/background/images/background/images/background/images/background/images/background/images/background/images/background/images/background/im/5.144.delaye]
[www.masuinfotech.com/sub_services/images/background/images/background/images/background/images/background/images/background/images/background/images/background/images/background/im/5.144.delaye]
[www.masuinfotech.com/services/images/background/images/background/images/background/images/background/images/background/images/background/images/background/images/background/images/5.145.delaye]
[www.masuinfotech.com/services/images/background/images/background/images/background/images/background/images/background/images/background/images/background/images/background/images/5.145.delaye]
[www.masuinfotech.com/project/images/background/images/background/images/background/images/background/images/background/images/background/images/background/images/background/images//5.146.delaye]
[www.masuinfotech.com/category/images/background/images/background/images/background/images/background/images/background/images/background/images/background/images/background/images/5.147.delaye]
[www.masuinfotech.com/project/images/background/images/background/images/background/images/background/images/background/images/background/images/background/images/background/images//5.146.delaye]
[www.masuinfotech.com/category/images/background/images/background/images/background/images/background/images/background/images/background/images/background/images/background/images/5.147.delaye]
[www.masuinfotech.com/sub_services/images/background/images/background/images/background/images/background/images/background/images/background/images/background/images/background/im/5.148.delaye]
[www.masuinfotech.com/sub_services/images/background/images/background/images/background/images/background/images/background/images/background/images/background/images/background/im/5.148.delaye]
[www.masuinfotech.com/services/images/background/images/background/images/background/images/background/images/background/images/background/images/background/images/background/images/5.149.delaye]
[www.masuinfotech.com/services/images/background/images/background/images/background/images/background/images/background/images/background/images/background/images/background/images/5.149.delaye]
[www.masuinfotech.com/category/images/background/images/background/images/background/images/background/images/background/images/background/images/background/images/background/images/5.14b.delaye]
[www.masuinfotech.com/project/images/background/images/background/images/background/images/background/images/background/images/background/images/background/images/background/images//5.14a.delaye]
[www.masuinfotech.com/project/images/background/images/background/images/background/images/background/images/background/images/background/images/background/images/background/images//5.14a.delaye]
[www.masuinfotech.com/category/images/background/images/background/images/background/images/background/images/background/images/background/images/background/images/background/images/5.14b.delaye]
[www.masuinfotech.com/sub_services/images/background/images/background/images/background/images/background/images/background/images/background/images/background/images/background/im/5.14c.delaye]
[www.masuinfotech.com/sub_services/images/background/images/background/images/background/images/background/images/background/images/background/images/background/images/background/im/5.14c.delaye]
[www.masuinfotech.com/services/images/background/images/background/images/background/images/background/images/background/images/background/images/background/images/background/images/5.14d.delaye]
[www.masuinfotech.com/services/images/background/images/background/images/background/images/background/images/background/images/background/images/background/images/background/images/5.14d.delaye]
[www.masuinfotech.com/project/images/background/images/background/images/background/images/background/images/background/images/background/images/background/images/background/images//5.14e.delaye]
[www.masuinfotech.com/category/images/background/images/background/images/background/images/background/images/background/images/background/images/background/images/background/images/5.14f.delaye]
[www.masuinfotech.com/project/images/background/images/background/images/background/images/background/images/background/images/background/images/background/images/background/images//5.14e.delaye]
[www.masuinfotech.com/category/images/background/images/background/images/background/images/background/images/background/images/background/images/background/images/background/images/5.14f.delaye]
[www.masuinfotech.com/sub_services/images/background/images/background/images/background/images/background/images/background/images/background/images/background/images/background/im/5.150.delaye]
[www.masuinfotech.com/sub_services/images/background/images/background/images/background/images/background/images/background/images/background/images/background/images/background/im/5.150.delaye]
[www.masuinfotech.com/category/images/background/images/background/images/background/images/background/images/background/images/background/images/background/images/background/images/5.153.delaye]
[www.masuinfotech.com/project/images/background/images/background/images/background/images/background/images/background/images/background/images/background/images/background/images//5.152.delaye]
[www.masuinfotech.com/services/images/background/images/background/images/background/images/background/images/background/images/background/images/background/images/background/images/5.151.delaye]
[www.masuinfotech.com/services/images/background/images/background/images/background/images/background/images/background/images/background/images/background/images/background/images/5.151.delaye]
[www.masuinfotech.com/project/images/background/images/background/images/background/images/background/images/background/images/background/images/background/images/background/images//5.152.delaye]
[www.masuinfotech.com/category/images/background/images/background/images/background/images/background/images/background/images/background/images/background/images/background/images/5.153.delaye]
[www.masuinfotech.com/sub_services/images/background/images/background/images/background/images/background/images/background/images/background/images/background/images/background/im/5.154.delaye]
[www.masuinfotech.com/sub_services/images/background/images/background/images/background/images/background/images/background/images/background/images/background/images/background/im/5.154.delaye]
[www.masuinfotech.com/category/images/background/images/background/images/background/images/background/images/background/images/background/images/background/images/background/images/5.157.delaye]
[www.masuinfotech.com/services/images/background/images/background/images/background/images/background/images/background/images/background/images/background/images/background/images/5.155.delaye]
[www.masuinfotech.com/project/images/background/images/background/images/background/images/background/images/background/images/background/images/background/images/background/images//5.156.delaye]
[www.masuinfotech.com/services/images/background/images/background/images/background/images/background/images/background/images/background/images/background/images/background/images/5.155.delaye]
[www.masuinfotech.com/project/images/background/images/background/images/background/images/background/images/background/images/background/images/background/images/background/images//5.156.delaye]
[www.masuinfotech.com/category/images/background/images/background/images/background/images/background/images/background/images/background/images/background/images/background/images/5.157.delaye]
[www.masuinfotech.com/sub_services/images/background/images/background/images/background/images/background/images/background/images/background/images/background/images/background/im/5.158.delaye]
[www.masuinfotech.com/sub_services/images/background/images/background/images/background/images/background/images/background/images/background/images/background/images/background/im/5.158.delaye]
[www.masuinfotech.com/services/images/background/images/background/images/background/images/background/images/background/images/background/images/background/images/background/images/5.159.delaye]
[www.masuinfotech.com/services/images/background/images/background/images/background/images/background/images/background/images/background/images/background/images/background/images/5.159.delaye]
[www.masuinfotech.com/project/images/background/images/background/images/background/images/background/images/background/images/background/images/background/images/background/images//5.15a.delaye]
[www.masuinfotech.com/category/images/background/images/background/images/background/images/background/images/background/images/background/images/background/images/background/images/5.15b.delaye]
[www.masuinfotech.com/project/images/background/images/background/images/background/images/background/images/background/images/background/images/background/images/background/images//5.15a.delaye]
[www.masuinfotech.com/category/images/background/images/background/images/background/images/background/images/background/images/background/images/background/images/background/images/5.15b.delaye]
[www.masuinfotech.com/sub_services/images/background/images/background/images/background/images/background/images/background/images/background/images/background/images/background/im/5.15c.delaye]
[www.masuinfotech.com/sub_services/images/background/images/background/images/background/images/background/images/background/images/background/images/background/images/background/im/5.15c.delaye]
[www.masuinfotech.com/services/images/background/images/background/images/background/images/background/images/background/images/background/images/background/images/background/images/5.15d.delaye]
[www.masuinfotech.com/services/images/background/images/background/images/background/images/background/images/background/images/background/images/background/images/background/images/5.15d.delaye]
[www.masuinfotech.com/project/images/background/images/background/images/background/images/background/images/background/images/background/images/background/images/background/images//5.15e.delaye]
[www.masuinfotech.com/project/images/background/images/background/images/background/images/background/images/background/images/background/images/background/images/background/images//5.15e.delaye]
[www.masuinfotech.com/category/images/background/images/background/images/background/images/background/images/background/images/background/images/background/images/background/images/5.15f.delaye]
[www.masuinfotech.com/category/images/background/images/background/images/background/images/background/images/background/images/background/images/background/images/background/images/5.15f.delaye]
[www.masuinfotech.com/sub_services/images/background/images/background/images/background/images/background/images/background/images/background/images/background/images/background/im/5.160.delaye]
[www.masuinfotech.com/sub_services/images/background/images/background/images/background/images/background/images/background/images/background/images/background/images/background/im/5.160.delaye]
[www.masuinfotech.com/services/images/background/images/background/images/background/images/background/images/background/images/background/images/background/images/background/images/5.161.delaye]
[www.masuinfotech.com/project/images/background/images/background/images/background/images/background/images/background/images/background/images/background/images/background/images//5.162.delaye]
[www.masuinfotech.com/services/images/background/images/background/images/background/images/background/images/background/images/background/images/background/images/background/images/5.161.delaye]
[www.masuinfotech.com/project/images/background/images/background/images/background/images/background/images/background/images/background/images/background/images/background/images//5.162.delaye]
[www.masuinfotech.com/sub_services/images/background/images/background/images/background/images/background/images/background/images/background/images/background/images/background/im/5.164.delaye]
[www.masuinfotech.com/category/images/background/images/background/images/background/images/background/images/background/images/background/images/background/images/background/images/5.163.delaye]
[www.masuinfotech.com/category/images/background/images/background/images/background/images/background/images/background/images/background/images/background/images/background/images/5.163.delaye]
[www.masuinfotech.com/sub_services/images/background/images/background/images/background/images/background/images/background/images/background/images/background/images/background/im/5.164.delaye]
[www.masuinfotech.com/project/images/background/images/background/images/background/images/background/images/background/images/background/images/background/images/background/images//5.166.delaye]
[www.masuinfotech.com/services/images/background/images/background/images/background/images/background/images/background/images/background/images/background/images/background/images/5.165.delaye]
[www.masuinfotech.com/services/images/background/images/background/images/background/images/background/images/background/images/background/images/background/images/background/images/5.165.delaye]
[www.masuinfotech.com/project/images/background/images/background/images/background/images/background/images/background/images/background/images/background/images/background/images//5.166.delaye]
[www.masuinfotech.com/sub_services/images/background/images/background/images/background/images/background/images/background/images/background/images/background/images/background/im/5.168.delaye]
[www.masuinfotech.com/category/images/background/images/background/images/background/images/background/images/background/images/background/images/background/images/background/images/5.167.delaye]
[www.masuinfotech.com/category/images/background/images/background/images/background/images/background/images/background/images/background/images/background/images/background/images/5.167.delaye]
[www.masuinfotech.com/sub_services/images/background/images/background/images/background/images/background/images/background/images/background/images/background/images/background/im/5.168.delaye]
[www.masuinfotech.com/services/images/background/images/background/images/background/images/background/images/background/images/background/images/background/images/background/images/5.169.delaye]
[www.masuinfotech.com/project/images/background/images/background/images/background/images/background/images/background/images/background/images/background/images/background/images//5.16a.delaye]
[www.masuinfotech.com/services/images/background/images/background/images/background/images/background/images/background/images/background/images/background/images/background/images/5.169.delaye]
[www.masuinfotech.com/project/images/background/images/background/images/background/images/background/images/background/images/background/images/background/images/background/images//5.16a.delaye]
[www.masuinfotech.com/category/images/background/images/background/images/background/images/background/images/background/images/background/images/background/images/background/images/5.16b.delaye]
[www.masuinfotech.com/category/images/background/images/background/images/background/images/background/images/background/images/background/images/background/images/background/images/5.16b.delaye]
[www.masuinfotech.com/sub_services/images/background/images/background/images/background/images/background/images/background/images/background/images/background/images/background/im/5.16c.delaye]
[www.masuinfotech.com/sub_services/images/background/images/background/images/background/images/background/images/background/images/background/images/background/images/background/im/5.16c.delaye]
[www.masuinfotech.com/category/images/background/images/background/images/background/images/background/images/background/images/background/images/background/images/background/images/5.16f.delaye]
[www.masuinfotech.com/services/images/background/images/background/images/background/images/background/images/background/images/background/images/background/images/background/images/5.16d.delaye]
[www.masuinfotech.com/services/images/background/images/background/images/background/images/background/images/background/images/background/images/background/images/background/images/5.16d.delaye]
[www.masuinfotech.com/project/images/background/images/background/images/background/images/background/images/background/images/background/images/background/images/background/images//5.16e.delaye]
[www.masuinfotech.com/project/images/background/images/background/images/background/images/background/images/background/images/background/images/background/images/background/images//5.16e.delaye]
[www.masuinfotech.com/category/images/background/images/background/images/background/images/background/images/background/images/background/images/background/images/background/images/5.16f.delaye]
[www.masuinfotech.com/sub_services/images/background/images/background/images/background/images/background/images/background/images/background/images/background/images/background/im/5.170.delaye]
[www.masuinfotech.com/sub_services/images/background/images/background/images/background/images/background/images/background/images/background/images/background/images/background/im/5.170.delaye]
[www.masuinfotech.com/project/images/background/images/background/images/background/images/background/images/background/images/background/images/background/images/background/images//5.172.delaye]
[www.masuinfotech.com/category/images/background/images/background/images/background/images/background/images/background/images/background/images/background/images/background/images/5.173.delaye]
[www.masuinfotech.com/services/images/background/images/background/images/background/images/background/images/background/images/background/images/background/images/background/images/5.171.delaye]
[www.masuinfotech.com/services/images/background/images/background/images/background/images/background/images/background/images/background/images/background/images/background/images/5.171.delaye]
[www.masuinfotech.com/project/images/background/images/background/images/background/images/background/images/background/images/background/images/background/images/background/images//5.172.delaye]
[www.masuinfotech.com/category/images/background/images/background/images/background/images/background/images/background/images/background/images/background/images/background/images/5.173.delaye]
[www.masuinfotech.com/sub_services/images/background/images/background/images/background/images/background/images/background/images/background/images/background/images/background/im/5.174.delaye]
[www.masuinfotech.com/sub_services/images/background/images/background/images/background/images/background/images/background/images/background/images/background/images/background/im/5.174.delaye]
[www.masuinfotech.com/category/images/background/images/background/images/background/images/background/images/background/images/background/images/background/images/background/images/5.177.delaye]
[www.masuinfotech.com/project/images/background/images/background/images/background/images/background/images/background/images/background/images/background/images/background/images//5.176.delaye]
[www.masuinfotech.com/services/images/background/images/background/images/background/images/background/images/background/images/background/images/background/images/background/images/5.175.delaye]
[www.masuinfotech.com/services/images/background/images/background/images/background/images/background/images/background/images/background/images/background/images/background/images/5.175.delaye]
[www.masuinfotech.com/project/images/background/images/background/images/background/images/background/images/background/images/background/images/background/images/background/images//5.176.delaye]
[www.masuinfotech.com/category/images/background/images/background/images/background/images/background/images/background/images/background/images/background/images/background/images/5.177.delaye]
[www.masuinfotech.com/sub_services/images/background/images/background/images/background/images/background/images/background/images/background/images/background/images/background/im/5.178.delaye]
[www.masuinfotech.com/sub_services/images/background/images/background/images/background/images/background/images/background/images/background/images/background/images/background/im/5.178.delaye]
[www.masuinfotech.com/services/images/background/images/background/images/background/images/background/images/background/images/background/images/background/images/background/images/5.179.delaye]
[www.masuinfotech.com/services/images/background/images/background/images/background/images/background/images/background/images/background/images/background/images/background/images/5.179.delaye]
[www.masuinfotech.com/project/images/background/images/background/images/background/images/background/images/background/images/background/images/background/images/background/images//5.17a.delaye]
[www.masuinfotech.com/project/images/background/images/background/images/background/images/background/images/background/images/background/images/background/images/background/images//5.17a.delaye]
[www.masuinfotech.com/sub_services/images/background/images/background/images/background/images/background/images/background/images/background/images/background/images/background/im/5.17c.delaye]
[www.masuinfotech.com/category/images/background/images/background/images/background/images/background/images/background/images/background/images/background/images/background/images/5.17b.delaye]
[www.masuinfotech.com/category/images/background/images/background/images/background/images/background/images/background/images/background/images/background/images/background/images/5.17b.delaye]
[www.masuinfotech.com/sub_services/images/background/images/background/images/background/images/background/images/background/images/background/images/background/images/background/im/5.17c.delaye]
[www.masuinfotech.com/services/images/background/images/background/images/background/images/background/images/background/images/background/images/background/images/background/images/5.17d.delaye]
[www.masuinfotech.com/services/images/background/images/background/images/background/images/background/images/background/images/background/images/background/images/background/images/5.17d.delaye]
[www.masuinfotech.com/project/images/background/images/background/images/background/images/background/images/background/images/background/images/background/images/background/images//5.17e.delaye]
[www.masuinfotech.com/project/images/background/images/background/images/background/images/background/images/background/images/background/images/background/images/background/images//5.17e.delaye]
[www.masuinfotech.com/category/images/background/images/background/images/background/images/background/images/background/images/background/images/background/images/background/images/5.17f.delaye]
[www.masuinfotech.com/sub_services/images/background/images/background/images/background/images/background/images/background/images/background/images/background/images/background/im/5.180.delaye]
[www.masuinfotech.com/category/images/background/images/background/images/background/images/background/images/background/images/background/images/background/images/background/images/5.17f.delaye]
[www.masuinfotech.com/sub_services/images/background/images/background/images/background/images/background/images/background/images/background/images/background/images/background/im/5.180.delaye]
[www.masuinfotech.com/services/images/background/images/background/images/background/images/background/images/background/images/background/images/background/images/background/images/5.181.delaye]
[www.masuinfotech.com/services/images/background/images/background/images/background/images/background/images/background/images/background/images/background/images/background/images/5.181.delaye]
[www.masuinfotech.com/project/images/background/images/background/images/background/images/background/images/background/images/background/images/background/images/background/images//5.182.delaye]
[www.masuinfotech.com/project/images/background/images/background/images/background/images/background/images/background/images/background/images/background/images/background/images//5.182.delaye]
[www.masuinfotech.com/category/images/background/images/background/images/background/images/background/images/background/images/background/images/background/images/background/images/5.183.delaye]
[www.masuinfotech.com/sub_services/images/background/images/background/images/background/images/background/images/background/images/background/images/background/images/background/im/5.184.delaye]
[www.masuinfotech.com/category/images/background/images/background/images/background/images/background/images/background/images/background/images/background/images/background/images/5.183.delaye]
[www.masuinfotech.com/sub_services/images/background/images/background/images/background/images/background/images/background/images/background/images/background/images/background/im/5.184.delaye]
[www.masuinfotech.com/services/images/background/images/background/images/background/images/background/images/background/images/background/images/background/images/background/images/5.185.delaye]
[www.masuinfotech.com/services/images/background/images/background/images/background/images/background/images/background/images/background/images/background/images/background/images/5.185.delaye]
[www.masuinfotech.com/project/images/background/images/background/images/background/images/background/images/background/images/background/images/background/images/background/images//5.186.delaye]
[www.masuinfotech.com/project/images/background/images/background/images/background/images/background/images/background/images/background/images/background/images/background/images//5.186.delaye]
[www.masuinfotech.com/category/images/background/images/background/images/background/images/background/images/background/images/background/images/background/images/background/images/5.187.delaye]
[www.masuinfotech.com/category/images/background/images/background/images/background/images/background/images/background/images/background/images/background/images/background/images/5.187.delaye]
[www.masuinfotech.com/services/images/background/images/background/images/background/images/background/images/background/images/background/images/background/images/background/images/5.189.delaye]
[www.masuinfotech.com/sub_services/images/background/images/background/images/background/images/background/images/background/images/background/images/background/images/background/im/5.188.delaye]
[www.masuinfotech.com/sub_services/images/background/images/background/images/background/images/background/images/background/images/background/images/background/images/background/im/5.188.delaye]
[www.masuinfotech.com/services/images/background/images/background/images/background/images/background/images/background/images/background/images/background/images/background/images/5.189.delaye]
[www.masuinfotech.com/project/images/background/images/background/images/background/images/background/images/background/images/background/images/background/images/background/images//5.18a.delaye]
[www.masuinfotech.com/project/images/background/images/background/images/background/images/background/images/background/images/background/images/background/images/background/images//5.18a.delaye]
[www.masuinfotech.com/category/images/background/images/background/images/background/images/background/images/background/images/background/images/background/images/background/images/5.18b.delaye]
[www.masuinfotech.com/category/images/background/images/background/images/background/images/background/images/background/images/background/images/background/images/background/images/5.18b.delaye]
[www.masuinfotech.com/sub_services/images/background/images/background/images/background/images/background/images/background/images/background/images/background/images/background/im/5.18c.delaye]
[www.masuinfotech.com/services/images/background/images/background/images/background/images/background/images/background/images/background/images/background/images/background/images/5.18d.delaye]
[www.masuinfotech.com/sub_services/images/background/images/background/images/background/images/background/images/background/images/background/images/background/images/background/im/5.18c.delaye]
[www.masuinfotech.com/services/images/background/images/background/images/background/images/background/images/background/images/background/images/background/images/background/images/5.18d.delaye]
[www.masuinfotech.com/project/images/background/images/background/images/background/images/background/images/background/images/background/images/background/images/background/images//5.18e.delaye]
[www.masuinfotech.com/project/images/background/images/background/images/background/images/background/images/background/images/background/images/background/images/background/images//5.18e.delaye]
[www.masuinfotech.com/category/images/background/images/background/images/background/images/background/images/background/images/background/images/background/images/background/images/5.18f.delaye]
[www.masuinfotech.com/services/images/background/images/background/images/background/images/background/images/background/images/background/images/background/images/background/images/5.191.delaye]
[www.masuinfotech.com/category/images/background/images/background/images/background/images/background/images/background/images/background/images/background/images/background/images/5.18f.delaye]
[www.masuinfotech.com/sub_services/images/background/images/background/images/background/images/background/images/background/images/background/images/background/images/background/im/5.190.delaye]
[www.masuinfotech.com/sub_services/images/background/images/background/images/background/images/background/images/background/images/background/images/background/images/background/im/5.190.delaye]
[www.masuinfotech.com/services/images/background/images/background/images/background/images/background/images/background/images/background/images/background/images/background/images/5.191.delaye]
[www.masuinfotech.com/project/images/background/images/background/images/background/images/background/images/background/images/background/images/background/images/background/images//5.192.delaye]
[www.masuinfotech.com/project/images/background/images/background/images/background/images/background/images/background/images/background/images/background/images/background/images//5.192.delaye]
[www.masuinfotech.com/project/images/background/images/background/images/background/images/background/images/background/images/background/images/background/images/background/images//5.193.delaye]
[www.masuinfotech.com/project/images/background/images/background/images/background/images/background/images/background/images/background/images/background/images/background/images//5.193.delaye]
